// Vitest Snapshot v1, https://vitest.dev/guide/snapshot.html

exports[`Page: Profile > should render correctly 1`] = `
<div>
  <div
    class="css-1f9j1y1"
  >
    <div
      class="chakra-card__root css-1v1qa66"
    >
      <div
        class="chakra-skeleton css-ht60kb"
      />
      <div
        class="chakra-skeleton css-ht60kb"
      />
      <div
        class="chakra-skeleton css-ht60kb"
      />
      <div
        class="chakra-skeleton css-ht60kb"
      />
      <div
        class="chakra-skeleton css-ht60kb"
      />
      <div
        class="chakra-skeleton css-ht60kb"
      />
      <div
        class="chakra-skeleton css-ht60kb"
      />
      <div
        class="chakra-skeleton css-ht60kb"
      />
      <div
        class="chakra-skeleton css-ht60kb"
      />
      <div
        class="chakra-skeleton css-ht60kb"
      />
    </div>
  </div>
</div>
`;
