// Vitest Snapshot v1, https://vitest.dev/guide/snapshot.html

exports[`Component: CardSkeleton > should render correctly 1`] = `
<div>
  <div
    class="css-1f9j1y1"
  >
    <div
      class="chakra-card__root css-1kfp14p"
    >
      <div
        class="chakra-card__header css-aesgey"
      >
        <div
          class="chakra-skeleton css-1eul3x0"
        />
      </div>
      <div
        class="chakra-card__body css-11e8ur2"
      >
        <div
          class="chakra-skeleton css-7ftq5l"
        />
      </div>
    </div>
  </div>
</div>
`;
